// Jest Snapshot v1, https://goo.gl/fbAQLP

exports[`<Button/ > render 1`] = `
<View
  accessibilityState={
    {
      "busy": undefined,
      "checked": undefined,
      "disabled": undefined,
      "expanded": undefined,
      "selected": undefined,
    }
  }
  accessibilityValue={
    {
      "max": undefined,
      "min": undefined,
      "now": undefined,
      "text": undefined,
    }
  }
  accessible={true}
  collapsable={false}
  focusable={true}
  onBlur={[Function]}
  onClick={[Function]}
  onFocus={[Function]}
  onResponderGrant={[Function]}
  onResponderMove={[Function]}
  onResponderRelease={[Function]}
  onResponderTerminate={[Function]}
  onResponderTerminationRequest={[Function]}
  onStartShouldSetResponder={[Function]}
  style={
    [
      {
        "alignItems": "center",
        "backgroundColor": "rgb(0, 122, 255)",
        "borderRadius": 10,
        "justifyContent": "center",
        "opacity": 1,
        "paddingHorizontal": 24,
        "paddingVertical": 12,
        "width": "auto",
      },
      {
        "opacity": 1,
      },
      undefined,
    ]
  }
  testID="button"
>
  <Text
    style={
      {
        "color": undefined,
        "fontSize": 18,
        "letterSpacing": 0.25,
      }
    }
  >
    Title
  </Text>
</View>
`;
